// Jest Snapshot v1, https://goo.gl/fbAQLP

exports[`should render Expense list with Expenses 1`] = `
<div>
  <h2>
    Expense List
  </h2>
  <ExpenseListItem
    amount={2000}
    createdAt={0}
    description="Gum"
    id={1}
    key="1"
    note=""
  />
  <ExpenseListItem
    amount={2200}
    createdAt={-345600000}
    description="Rent"
    id={2}
    key="2"
    note=""
  />
  <ExpenseListItem
    amount={2300}
    createdAt={345600000}
    description="Water"
    id={3}
    key="3"
    note=""
  />
</div>
`;

exports[`should render empty list with empty message 1`] = `
<div>
  <h2>
    Expense List
  </h2>
  <p>
     No Expenses 
  </p>
</div>
`;
